error[E0579]: lower range bound must be less than upper
  --> $DIR/half-open-range-pats-hair-lower-empty.rs:12:11
   |
LL |     m!(0, ..core::u8::MIN);
   |           ^^^^^^^^^^^^^^^

error[E0579]: lower range bound must be less than upper
  --> $DIR/half-open-range-pats-hair-lower-empty.rs:13:11
   |
LL |     m!(0, ..core::u16::MIN);
   |           ^^^^^^^^^^^^^^^^

error[E0579]: lower range bound must be less than upper
  --> $DIR/half-open-range-pats-hair-lower-empty.rs:14:11
   |
LL |     m!(0, ..core::u32::MIN);
   |           ^^^^^^^^^^^^^^^^

error[E0579]: lower range bound must be less than upper
  --> $DIR/half-open-range-pats-hair-lower-empty.rs:15:11
   |
LL |     m!(0, ..core::u64::MIN);
   |           ^^^^^^^^^^^^^^^^

error[E0579]: lower range bound must be less than upper
  --> $DIR/half-open-range-pats-hair-lower-empty.rs:16:11
   |
LL |     m!(0, ..core::u128::MIN);
   |           ^^^^^^^^^^^^^^^^^

error[E0579]: lower range bound must be less than upper
  --> $DIR/half-open-range-pats-hair-lower-empty.rs:18:11
   |
LL |     m!(0, ..core::i8::MIN);
   |           ^^^^^^^^^^^^^^^

error[E0579]: lower range bound must be less than upper
  --> $DIR/half-open-range-pats-hair-lower-empty.rs:19:11
   |
LL |     m!(0, ..core::i16::MIN);
   |           ^^^^^^^^^^^^^^^^

error[E0579]: lower range bound must be less than upper
  --> $DIR/half-open-range-pats-hair-lower-empty.rs:20:11
   |
LL |     m!(0, ..core::i32::MIN);
   |           ^^^^^^^^^^^^^^^^

error[E0579]: lower range bound must be less than upper
  --> $DIR/half-open-range-pats-hair-lower-empty.rs:21:11
   |
LL |     m!(0, ..core::i64::MIN);
   |           ^^^^^^^^^^^^^^^^

error[E0579]: lower range bound must be less than upper
  --> $DIR/half-open-range-pats-hair-lower-empty.rs:22:11
   |
LL |     m!(0, ..core::i128::MIN);
   |           ^^^^^^^^^^^^^^^^^

error[E0579]: lower range bound must be less than upper
  --> $DIR/half-open-range-pats-hair-lower-empty.rs:24:14
   |
LL |     m!(0f32, ..core::f32::NEG_INFINITY);
   |              ^^^^^^^^^^^^^^^^^^^^^^^^^

error[E0579]: lower range bound must be less than upper
  --> $DIR/half-open-range-pats-hair-lower-empty.rs:25:14
   |
LL |     m!(0f64, ..core::f64::NEG_INFINITY);
   |              ^^^^^^^^^^^^^^^^^^^^^^^^^

error[E0579]: lower range bound must be less than upper
  --> $DIR/half-open-range-pats-hair-lower-empty.rs:27:13
   |
LL |     m!('a', ..'\u{0}');
   |             ^^^^^^^^^

error: aborting due to 13 previous errors

For more information about this error, try `rustc --explain E0579`.
